// Jest Snapshot v1, https://goo.gl/fbAQLP

exports[`<SpaceshipConfigurator /> with no props should match the snapshot 1`] = `"<div class=\\"card Wrapper undefined\\"><div class=\\"container\\"><div class=\\"title row\\">Spaceship Configurator</div><div class=\\"row\\"><div class=\\"col-md-8 col-12\\"><div class=\\"container\\"><div class=\\"boxTitle row row-cols-12\\">Select color:</div><div data-testid=\\"colors\\" class=\\"row row-cols-12\\"><div data-testid=\\"colorBox\\" class=\\"colorBox\\" style=\\"background-color:#fff\\"></div></div></div><div class=\\"container\\"><div class=\\"boxTitle row row-cols-12\\">Select power:</div><div class=\\"row row-cols-12\\"></div></div><div class=\\"container\\"><div class=\\"boxTitle row row-cols-12\\">Wrap drive:</div><div class=\\"row row-cols-12\\"></div></div><div class=\\"container\\"><div class=\\"boxTitle row row-cols-12\\">Select option package:</div><div class=\\"row row-cols-12\\"></div></div></div><div class=\\"col-md-4 col-12\\"><div><div class=\\"card receipt undefined\\"><div class=\\"row\\"><p>Base Price:</p><p>1000€</p></div><div class=\\"row\\"><p>color:</p><p>+0€</p></div><div class=\\"row\\"><p>power:</p><p>+0€</p></div><div class=\\"row\\"><p>wrap drive:</p><p>+0€</p></div><div class=\\"row\\"><p>option package:</p><p>+0€</p></div><div class=\\"row total\\"><p>Total:</p><p>0€</p></div></div></div></div></div></div></div>"`;
